Downloading https://services.gradle.org/distributions/gradle-9.5.1-bin.zip
.............10%.............20%..............30%.............40%.............50%..............60%.............70%..............80%.............90%.............100%
WARNING: A restricted method in java.lang.System has been called
WARNING: java.lang.System::load has been called by net.rubygrapefruit.platform.internal.NativeLibraryLoader in an unnamed module (file:/home/runner/.gradle/wrapper/dists/gradle-9.5.1-bin/iq79hdu3mqx29lgffhp8bfmx/gradle-9.5.1/lib/native-platform-0.22-milestone-29.jar)
WARNING: Use --enable-native-access=ALL-UNNAMED to avoid a warning for callers in this module
WARNING: Restricted methods will be blocked in a future release unless native access is enabled


Welcome to Gradle 9.5.1!

Here are the highlights of this release:
 - Task provenance in reports and failure messages
 - Type-safe accessors for precompiled Kotlin Settings plugins

For more details see https://docs.gradle.org/9.5.1/release-notes.html

Starting a Gradle Daemon (subsequent builds will be faster)

> Configure project :
Fabric Loom: 1.17.20
Applied configs!

[Incubating] Problems report is available at: file:///home/runner/work/ModrenFabricaeExNihilo/ModrenFabricaeExNihilo/build/reports/problems/problems-report.html

FAILURE: Build failed with an exception.

* What went wrong:
A problem occurred configuring root project 'ModrenFabricaeExNihilo'.
> Could not resolve all files for configuration ':mainRuntimeDependencyResolve'.
   > Could not find dev.architectury:architectury-fabric:21.1.8+fabric.
     Searched in the following locations:
       - file:/home/runner/work/ModrenFabricaeExNihilo/ModrenFabricaeExNihilo/.gradle/loom-cache/remapped_mods/dev/architectury/architectury-fabric/21.1.8+fabric/architectury-fabric-21.1.8+fabric.pom
       - file:/home/runner/.gradle/caches/fabric-loom/minecraftMaven/dev/architectury/architectury-fabric/21.1.8+fabric/architectury-fabric-21.1.8+fabric.pom
       - file:/home/runner/work/ModrenFabricaeExNihilo/ModrenFabricaeExNihilo/.gradle/loom-cache/minecraftMaven/dev/architectury/architectury-fabric/21.1.8+fabric/architectury-fabric-21.1.8+fabric.pom
       - https://maven.fabricmc.net/dev/architectury/architectury-fabric/21.1.8+fabric/architectury-fabric-21.1.8+fabric.pom
       - https://libraries.minecraft.net/dev/architectury/architectury-fabric/21.1.8+fabric/architectury-fabric-21.1.8+fabric.pom
       - https://libraries.minecraft.net/dev/architectury/architectury-fabric/21.1.8+fabric/architectury-fabric-21.1.8+fabric.jar
       - https://repo.maven.apache.org/maven2/dev/architectury/architectury-fabric/21.1.8+fabric/architectury-fabric-21.1.8+fabric.pom
       - https://maven.shedaniel.me/dev/architectury/architectury-fabric/21.1.8+fabric/architectury-fabric-21.1.8+fabric.pom
       - https://maven.terraformersmc.com/dev/architectury/architectury-fabric/21.1.8+fabric/architectury-fabric-21.1.8+fabric.pom
       - https://maven.saps.dev/minecraft/dev/architectury/architectury-fabric/21.1.8+fabric/architectury-fabric-21.1.8+fabric.pom
       - https://maven.bai.lol/dev/architectury/architectury-fabric/21.1.8+fabric/architectury-fabric-21.1.8+fabric.pom
       - https://maven.architectury.dev/dev/architectury/architectury-fabric/21.1.8+fabric/architectury-fabric-21.1.8+fabric.pom
     Required by:
         root project 'ModrenFabricaeExNihilo'
   > Could not find org.quiltmc.parsers:json:0.2.1.
     Searched in the following locations:
       - file:/home/runner/work/ModrenFabricaeExNihilo/ModrenFabricaeExNihilo/.gradle/loom-cache/remapped_mods/org/quiltmc/parsers/json/0.2.1/json-0.2.1.pom
       - file:/home/runner/.gradle/caches/fabric-loom/minecraftMaven/org/quiltmc/parsers/json/0.2.1/json-0.2.1.pom
       - file:/home/runner/work/ModrenFabricaeExNihilo/ModrenFabricaeExNihilo/.gradle/loom-cache/minecraftMaven/org/quiltmc/parsers/json/0.2.1/json-0.2.1.pom
       - https://maven.fabricmc.net/org/quiltmc/parsers/json/0.2.1/json-0.2.1.pom
       - https://libraries.minecraft.net/org/quiltmc/parsers/json/0.2.1/json-0.2.1.pom
       - https://libraries.minecraft.net/org/quiltmc/parsers/json/0.2.1/json-0.2.1.jar
       - https://repo.maven.apache.org/maven2/org/quiltmc/parsers/json/0.2.1/json-0.2.1.pom
       - https://maven.shedaniel.me/org/quiltmc/parsers/json/0.2.1/json-0.2.1.pom
       - https://maven.terraformersmc.com/org/quiltmc/parsers/json/0.2.1/json-0.2.1.pom
       - https://maven.saps.dev/minecraft/org/quiltmc/parsers/json/0.2.1/json-0.2.1.pom
       - https://maven.bai.lol/org/quiltmc/parsers/json/0.2.1/json-0.2.1.pom
       - https://maven.architectury.dev/org/quiltmc/parsers/json/0.2.1/json-0.2.1.pom
     Required by:
         root project 'ModrenFabricaeExNihilo' > dev.isxander:yet-another-config-lib:3.9.6+26.2-fabric
   > Could not find org.quiltmc.parsers:gson:0.2.1.
     Searched in the following locations:
       - file:/home/runner/work/ModrenFabricaeExNihilo/ModrenFabricaeExNihilo/.gradle/loom-cache/remapped_mods/org/quiltmc/parsers/gson/0.2.1/gson-0.2.1.pom
       - file:/home/runner/.gradle/caches/fabric-loom/minecraftMaven/org/quiltmc/parsers/gson/0.2.1/gson-0.2.1.pom
       - file:/home/runner/work/ModrenFabricaeExNihilo/ModrenFabricaeExNihilo/.gradle/loom-cache/minecraftMaven/org/quiltmc/parsers/gson/0.2.1/gson-0.2.1.pom
       - https://maven.fabricmc.net/org/quiltmc/parsers/gson/0.2.1/gson-0.2.1.pom
       - https://libraries.minecraft.net/org/quiltmc/parsers/gson/0.2.1/gson-0.2.1.pom
       - https://libraries.minecraft.net/org/quiltmc/parsers/gson/0.2.1/gson-0.2.1.jar
       - https://repo.maven.apache.org/maven2/org/quiltmc/parsers/gson/0.2.1/gson-0.2.1.pom
       - https://maven.shedaniel.me/org/quiltmc/parsers/gson/0.2.1/gson-0.2.1.pom
       - https://maven.terraformersmc.com/org/quiltmc/parsers/gson/0.2.1/gson-0.2.1.pom
       - https://maven.saps.dev/minecraft/org/quiltmc/parsers/gson/0.2.1/gson-0.2.1.pom
       - https://maven.bai.lol/org/quiltmc/parsers/gson/0.2.1/gson-0.2.1.pom
       - https://maven.architectury.dev/org/quiltmc/parsers/gson/0.2.1/gson-0.2.1.pom
     Required by:
         root project 'ModrenFabricaeExNihilo' > dev.isxander:yet-another-config-lib:3.9.6+26.2-fabric
   > Could not find dev.architectury:architectury-fabric:21.1.8+fabric.
     Searched in the following locations:
       - file:/home/runner/work/ModrenFabricaeExNihilo/ModrenFabricaeExNihilo/.gradle/loom-cache/remapped_mods/dev/architectury/architectury-fabric/21.1.8+fabric/architectury-fabric-21.1.8+fabric.pom
       - file:/home/runner/.gradle/caches/fabric-loom/minecraftMaven/dev/architectury/architectury-fabric/21.1.8+fabric/architectury-fabric-21.1.8+fabric.pom
       - file:/home/runner/work/ModrenFabricaeExNihilo/ModrenFabricaeExNihilo/.gradle/loom-cache/minecraftMaven/dev/architectury/architectury-fabric/21.1.8+fabric/architectury-fabric-21.1.8+fabric.pom
       - https://maven.fabricmc.net/dev/architectury/architectury-fabric/21.1.8+fabric/architectury-fabric-21.1.8+fabric.pom
       - https://libraries.minecraft.net/dev/architectury/architectury-fabric/21.1.8+fabric/architectury-fabric-21.1.8+fabric.pom
       - https://libraries.minecraft.net/dev/architectury/architectury-fabric/21.1.8+fabric/architectury-fabric-21.1.8+fabric.jar
       - https://repo.maven.apache.org/maven2/dev/architectury/architectury-fabric/21.1.8+fabric/architectury-fabric-21.1.8+fabric.pom
       - https://maven.shedaniel.me/dev/architectury/architectury-fabric/21.1.8+fabric/architectury-fabric-21.1.8+fabric.pom
       - https://maven.terraformersmc.com/dev/architectury/architectury-fabric/21.1.8+fabric/architectury-fabric-21.1.8+fabric.pom
       - https://maven.saps.dev/minecraft/dev/architectury/architectury-fabric/21.1.8+fabric/architectury-fabric-21.1.8+fabric.pom
       - https://maven.bai.lol/dev/architectury/architectury-fabric/21.1.8+fabric/architectury-fabric-21.1.8+fabric.pom
       - https://maven.architectury.dev/dev/architectury/architectury-fabric/21.1.8+fabric/architectury-fabric-21.1.8+fabric.pom
     Required by:
         root project 'ModrenFabricaeExNihilo' > me.shedaniel:RoughlyEnoughItems-fabric:26.2.821

* Try:
> Run with --info or --debug option to get more log output.
> Run with --scan to get full insights from a Build Scan (powered by Develocity).
> Get more help at https://help.gradle.org.

* Exception is:
org.gradle.api.ProjectConfigurationException: A problem occurred configuring root project 'ModrenFabricaeExNihilo'.
	at org.gradle.configuration.project.LifecycleProjectEvaluator.wrapException(LifecycleProjectEvaluator.java:84)
	at org.gradle.configuration.project.LifecycleProjectEvaluator.addConfigurationFailure(LifecycleProjectEvaluator.java:77)
	at org.gradle.configuration.project.LifecycleProjectEvaluator.access$500(LifecycleProjectEvaluator.java:55)
	at org.gradle.configuration.project.LifecycleProjectEvaluator$NotifyAfterEvaluate.run(LifecycleProjectEvaluator.java:255)
	at org.gradle.internal.operations.DefaultBuildOperationRunner$1.execute(DefaultBuildOperationRunner.java:30)
	at org.gradle.internal.operations.DefaultBuildOperationRunner$1.execute(DefaultBuildOperationRunner.java:27)
	at org.gradle.internal.operations.DefaultBuildOperationRunner$2.execute(DefaultBuildOperationRunner.java:67)
	at org.gradle.internal.operations.DefaultBuildOperationRunner$2.execute(DefaultBuildOperationRunner.java:60)
	at org.gradle.internal.operations.DefaultBuildOperationRunner.execute(DefaultBuildOperationRunner.java:167)
	at org.gradle.internal.operations.DefaultBuildOperationRunner.execute(DefaultBuildOperationRunner.java:60)
	at org.gradle.internal.operations.DefaultBuildOperationRunner.run(DefaultBuildOperationRunner.java:48)
	at org.gradle.configuration.project.LifecycleProjectEvaluator$EvaluateProject.lambda$run$0(LifecycleProjectEvaluator.java:114)
	at org.gradle.api.internal.project.DefaultProjectStateRegistry$ProjectStateImpl.lambda$applyToMutableState$0(DefaultProjectStateRegistry.java:443)
	at org.gradle.api.internal.project.DefaultProjectStateRegistry$ProjectStateImpl.lambda$fromMutableState$1(DefaultProjectStateRegistry.java:450)
	at org.gradle.internal.work.DefaultWorkerLeaseService.lambda$runAndReleaseLocks$0(DefaultWorkerLeaseService.java:300)
	at org.gradle.internal.work.ResourceLockStatistics$1.measure(ResourceLockStatistics.java:43)
	at org.gradle.internal.work.DefaultWorkerLeaseService.runAndReleaseLocks(DefaultWorkerLeaseService.java:298)
	at org.gradle.internal.work.DefaultWorkerLeaseService.withLocksAcquired(DefaultWorkerLeaseService.java:294)
	at org.gradle.internal.work.DefaultWorkerLeaseService.lambda$withReplacedLocks$4(DefaultWorkerLeaseService.java:450)
	at org.gradle.internal.work.DefaultWorkerLeaseService.withoutLocks(DefaultWorkerLeaseService.java:372)
	at org.gradle.internal.work.DefaultWorkerLeaseService.withReplacedLocks(DefaultWorkerLeaseService.java:449)
	at org.gradle.api.internal.project.DefaultProjectStateRegistry$ProjectStateImpl.runWithModelLock(DefaultProjectStateRegistry.java:471)
	at org.gradle.api.internal.project.DefaultProjectStateRegistry$ProjectStateImpl.fromMutableState(DefaultProjectStateRegistry.java:450)
	at org.gradle.api.internal.project.DefaultProjectStateRegistry$ProjectStateImpl.applyToMutableState(DefaultProjectStateRegistry.java:442)
	at org.gradle.configuration.project.LifecycleProjectEvaluator$EvaluateProject.run(LifecycleProjectEvaluator.java:100)
	at org.gradle.internal.operations.DefaultBuildOperationRunner$1.execute(DefaultBuildOperationRunner.java:30)
	at org.gradle.internal.operations.DefaultBuildOperationRunner$1.execute(DefaultBuildOperationRunner.java:27)
	at org.gradle.internal.operations.DefaultBuildOperationRunner$2.execute(DefaultBuildOperationRunner.java:67)
	at org.gradle.internal.operations.DefaultBuildOperationRunner$2.execute(DefaultBuildOperationRunner.java:60)
	at org.gradle.internal.operations.DefaultBuildOperationRunner.execute(DefaultBuildOperationRunner.java:167)
	at org.gradle.internal.operations.DefaultBuildOperationRunner.execute(DefaultBuildOperationRunner.java:60)
	at org.gradle.internal.operations.DefaultBuildOperationRunner.run(DefaultBuildOperationRunner.java:48)
	at org.gradle.configuration.project.LifecycleProjectEvaluator.evaluate(LifecycleProjectEvaluator.java:72)
	at org.gradle.api.internal.project.DefaultProject.evaluateUnchecked(DefaultProject.java:796)
	at org.gradle.api.internal.project.ProjectLifecycleController.lambda$ensureSelfConfigured$2(ProjectLifecycleController.java:93)
	at org.gradle.internal.model.StateTransitionController.lambda$doTransition$15(StateTransitionController.java:293)
	at org.gradle.internal.model.StateTransitionController.doTransition(StateTransitionController.java:304)
	at org.gradle.internal.model.StateTransitionController.doTransition(StateTransitionController.java:292)
	at org.gradle.internal.model.StateTransitionController.lambda$maybeTransitionIfNotCurrentlyTransitioning$11(StateTransitionController.java:237)
	at org.gradle.internal.work.DefaultSynchronizer.withLock(DefaultSynchronizer.java:35)
	at org.gradle.internal.model.StateTransitionController.maybeTransitionIfNotCurrentlyTransitioning(StateTransitionController.java:233)
	at org.gradle.api.internal.project.ProjectLifecycleController.ensureSelfConfigured(ProjectLifecycleController.java:93)
	at org.gradle.api.internal.project.DefaultProjectStateRegistry$ProjectStateImpl.ensureConfigured(DefaultProjectStateRegistry.java:408)
	at org.gradle.execution.TaskPathProjectEvaluator.configure(TaskPathProjectEvaluator.java:71)
	at org.gradle.execution.TaskPathProjectEvaluator.configureHierarchy(TaskPathProjectEvaluator.java:85)
	at org.gradle.configuration.DefaultProjectsPreparer.prepareProjects(DefaultProjectsPreparer.java:50)
	at org.gradle.configuration.BuildTreePreparingProjectsPreparer.prepareProjects(BuildTreePreparingProjectsPreparer.java:65)
	at org.gradle.configuration.BuildOperationFiringProjectsPreparer$ConfigureBuild.run(BuildOperationFiringProjectsPreparer.java:52)
	at org.gradle.internal.operations.DefaultBuildOperationRunner$1.execute(DefaultBuildOperationRunner.java:30)
	at org.gradle.internal.operations.DefaultBuildOperationRunner$1.execute(DefaultBuildOperationRunner.java:27)
	at org.gradle.internal.operations.DefaultBuildOperationRunner$2.execute(DefaultBuildOperationRunner.java:67)
	at org.gradle.internal.operations.DefaultBuildOperationRunner$2.execute(DefaultBuildOperationRunner.java:60)
	at org.gradle.internal.operations.DefaultBuildOperationRunner.execute(DefaultBuildOperationRunner.java:167)
	at org.gradle.internal.operations.DefaultBuildOperationRunner.execute(DefaultBuildOperationRunner.java:60)
	at org.gradle.internal.operations.DefaultBuildOperationRunner.run(DefaultBuildOperationRunner.java:48)
	at org.gradle.configuration.BuildOperationFiringProjectsPreparer.prepareProjects(BuildOperationFiringProjectsPreparer.java:40)
	at org.gradle.initialization.VintageBuildModelController.lambda$prepareProjects$2(VintageBuildModelController.java:83)
	at org.gradle.internal.model.StateTransitionController.lambda$doTransition$15(StateTransitionController.java:293)
	at org.gradle.internal.model.StateTransitionController.doTransition(StateTransitionController.java:304)
	at org.gradle.internal.model.StateTransitionController.doTransition(StateTransitionController.java:292)
	at org.gradle.internal.model.StateTransitionController.lambda$transitionIfNotPreviously$12(StateTransitionController.java:251)
	at org.gradle.internal.work.DefaultSynchronizer.withLock(DefaultSynchronizer.java:35)
	at org.gradle.internal.model.StateTransitionController.transitionIfNotPreviously(StateTransitionController.java:247)
	at org.gradle.initialization.VintageBuildModelController.prepareProjects(VintageBuildModelController.java:83)
	at org.gradle.initialization.VintageBuildModelController.prepareToScheduleTasks(VintageBuildModelController.java:70)
	at org.gradle.internal.build.DefaultBuildLifecycleController.lambda$prepareToScheduleTasks$7(DefaultBuildLifecycleController.java:185)
	at org.gradle.internal.model.StateTransitionController.lambda$doTransition$15(StateTransitionController.java:293)
	at org.gradle.internal.model.StateTransitionController.doTransition(StateTransitionController.java:304)
	at org.gradle.internal.model.StateTransitionController.doTransition(StateTransitionController.java:292)
	at org.gradle.internal.model.StateTransitionController.lambda$maybeTransition$10(StateTransitionController.java:228)
	at org.gradle.internal.work.DefaultSynchronizer.withLock(DefaultSynchronizer.java:35)
	at org.gradle.internal.model.StateTransitionController.maybeTransition(StateTransitionController.java:224)
	at org.gradle.internal.build.DefaultBuildLifecycleController.prepareToScheduleTasks(DefaultBuildLifecycleController.java:183)
	at org.gradle.internal.buildtree.DefaultBuildTreeWorkPreparer.scheduleRequestedTasks(DefaultBuildTreeWorkPreparer.java:35)
	at org.gradle.internal.cc.impl.barrier.BarrierAwareBuildTreeWorkPreparer.scheduleRequestedTasks$lambda$0(BarrierAwareBuildTreeWorkPreparer.kt:34)
	at org.gradle.internal.cc.impl.barrier.VintageConfigurationTimeActionRunner.runConfigurationTimeAction(VintageConfigurationTimeActionRunner.kt:48)
	at org.gradle.internal.cc.impl.barrier.BarrierAwareBuildTreeWorkPreparer.scheduleRequestedTasks(BarrierAwareBuildTreeWorkPreparer.kt:33)
	at org.gradle.internal.cc.impl.VintageBuildTreeWorkController$scheduleAndRunRequestedTasks$1$finalizedGraph$1.call(VintageBuildTreeWorkController.kt:37)
	at org.gradle.internal.cc.impl.VintageBuildTreeWorkController$scheduleAndRunRequestedTasks$1$finalizedGraph$1.call(VintageBuildTreeWorkController.kt:37)
	at org.gradle.internal.Try.ofFailable(Try.java:46)
	at org.gradle.internal.cc.impl.VintageBuildTreeWorkController$scheduleAndRunRequestedTasks$1.apply(VintageBuildTreeWorkController.kt:37)
	at org.gradle.internal.cc.impl.VintageBuildTreeWorkController$scheduleAndRunRequestedTasks$1.apply(VintageBuildTreeWorkController.kt:36)
	at org.gradle.composite.internal.DefaultIncludedBuildTaskGraph.withNewWorkGraph(DefaultIncludedBuildTaskGraph.java:115)
	at org.gradle.internal.cc.impl.VintageBuildTreeWorkController.scheduleAndRunRequestedTasks(VintageBuildTreeWorkController.kt:36)
	at org.gradle.internal.buildtree.DefaultBuildTreeLifecycleController.lambda$scheduleAndRunTasks$1(DefaultBuildTreeLifecycleController.java:76)
	at org.gradle.internal.buildtree.DefaultBuildTreeLifecycleController.lambda$runBuild$5(DefaultBuildTreeLifecycleController.java:121)
	at org.gradle.internal.model.StateTransitionController.lambda$transition$7(StateTransitionController.java:207)
	at org.gradle.internal.model.StateTransitionController.doTransition(StateTransitionController.java:304)
	at org.gradle.internal.model.StateTransitionController.lambda$transition$8(StateTransitionController.java:207)
	at org.gradle.internal.work.DefaultSynchronizer.withLock(DefaultSynchronizer.java:45)
	at org.gradle.internal.model.StateTransitionController.transition(StateTransitionController.java:207)
	at org.gradle.internal.buildtree.DefaultBuildTreeLifecycleController.runBuild(DefaultBuildTreeLifecycleController.java:118)
	at org.gradle.internal.buildtree.DefaultBuildTreeLifecycleController.scheduleAndRunTasks(DefaultBuildTreeLifecycleController.java:76)
	at org.gradle.internal.buildtree.DefaultBuildTreeLifecycleController.scheduleAndRunTasks(DefaultBuildTreeLifecycleController.java:71)
	at org.gradle.tooling.internal.provider.ExecuteBuildActionRunner.run(ExecuteBuildActionRunner.java:31)
	at org.gradle.launcher.exec.ChainingBuildActionRunner.run(ChainingBuildActionRunner.java:35)
	at org.gradle.internal.buildtree.ProblemReportingBuildActionRunner.run(ProblemReportingBuildActionRunner.java:54)
	at org.gradle.launcher.exec.BuildOutcomeReportingBuildActionRunner.run(BuildOutcomeReportingBuildActionRunner.java:83)
	at org.gradle.tooling.internal.provider.FileSystemWatchingBuildActionRunner.run(FileSystemWatchingBuildActionRunner.java:135)
	at org.gradle.launcher.exec.BuildCompletionNotifyingBuildActionRunner.run(BuildCompletionNotifyingBuildActionRunner.java:65)
	at org.gradle.launcher.exec.RootBuildLifecycleBuildActionExecutor.lambda$execute$0(RootBuildLifecycleBuildActionExecutor.java:101)
	at org.gradle.composite.internal.DefaultRootBuildState.run(DefaultRootBuildState.java:126)
	at org.gradle.launcher.exec.RootBuildLifecycleBuildActionExecutor.execute(RootBuildLifecycleBuildActionExecutor.java:101)
	at org.gradle.launcher.exec.BuildTreeLifecycleBuildActionExecutor.runRootBuildAction(BuildTreeLifecycleBuildActionExecutor.java:104)
	at org.gradle.launcher.exec.BuildTreeLifecycleBuildActionExecutor.execute(BuildTreeLifecycleBuildActionExecutor.java:74)
	at org.gradle.launcher.exec.RunAsBuildOperationBuildActionExecutor$2.call(RunAsBuildOperationBuildActionExecutor.java:65)
	at org.gradle.launcher.exec.RunAsBuildOperationBuildActionExecutor$2.call(RunAsBuildOperationBuildActionExecutor.java:61)
	at org.gradle.internal.operations.DefaultBuildOperationRunner$CallableBuildOperationWorker.execute(DefaultBuildOperationRunner.java:210)
	at org.gradle.internal.operations.DefaultBuildOperationRunner$CallableBuildOperationWorker.execute(DefaultBuildOperationRunner.java:205)
	at org.gradle.internal.operations.DefaultBuildOperationRunner$2.execute(DefaultBuildOperationRunner.java:67)
	at org.gradle.internal.operations.DefaultBuildOperationRunner$2.execute(DefaultBuildOperationRunner.java:60)
	at org.gradle.internal.operations.DefaultBuildOperationRunner.execute(DefaultBuildOperationRunner.java:167)
	at org.gradle.internal.operations.DefaultBuildOperationRunner.execute(DefaultBuildOperationRunner.java:60)
	at org.gradle.internal.operations.DefaultBuildOperationRunner.call(DefaultBuildOperationRunner.java:54)
	at org.gradle.launcher.exec.RunAsBuildOperationBuildActionExecutor.execute(RunAsBuildOperationBuildActionExecutor.java:61)
	at org.gradle.launcher.exec.RunAsWorkerThreadBuildActionExecutor.lambda$execute$0(RunAsWorkerThreadBuildActionExecutor.java:36)
	at org.gradle.internal.work.DefaultWorkerLeaseService.lambda$runAndReleaseLocks$0(DefaultWorkerLeaseService.java:300)
	at org.gradle.internal.work.ResourceLockStatistics$1.measure(ResourceLockStatistics.java:43)
	at org.gradle.internal.work.DefaultWorkerLeaseService.runAndReleaseLocks(DefaultWorkerLeaseService.java:298)
	at org.gradle.internal.work.DefaultWorkerLeaseService.withLocksAcquired(DefaultWorkerLeaseService.java:294)
	at org.gradle.internal.work.DefaultWorkerLeaseService.withLocks(DefaultWorkerLeaseService.java:286)
	at org.gradle.internal.work.DefaultWorkerLeaseService.runAsWorkerThread(DefaultWorkerLeaseService.java:130)
	at org.gradle.launcher.exec.RunAsWorkerThreadBuildActionExecutor.execute(RunAsWorkerThreadBuildActionExecutor.java:36)
	at org.gradle.tooling.internal.provider.continuous.ContinuousBuildActionExecutor.execute(ContinuousBuildActionExecutor.java:110)
	at org.gradle.tooling.internal.provider.SubscribableBuildActionExecutor.execute(SubscribableBuildActionExecutor.java:64)
	at org.gradle.internal.session.DefaultBuildSessionContext.execute(DefaultBuildSessionContext.java:46)
	at org.gradle.internal.buildprocess.execution.BuildSessionLifecycleBuildActionExecutor$ActionImpl.apply(BuildSessionLifecycleBuildActionExecutor.java:106)
	at org.gradle.internal.buildprocess.execution.BuildSessionLifecycleBuildActionExecutor$ActionImpl.apply(BuildSessionLifecycleBuildActionExecutor.java:94)
	at org.gradle.internal.session.BuildSessionState.run(BuildSessionState.java:73)
	at org.gradle.internal.buildprocess.execution.BuildSessionLifecycleBuildActionExecutor.execute(BuildSessionLifecycleBuildActionExecutor.java:67)
	at org.gradle.internal.buildprocess.execution.BuildSessionLifecycleBuildActionExecutor.execute(BuildSessionLifecycleBuildActionExecutor.java:45)
	at org.gradle.internal.buildprocess.execution.StartParamsValidatingActionExecutor.execute(StartParamsValidatingActionExecutor.java:57)
	at org.gradle.internal.buildprocess.execution.StartParamsValidatingActionExecutor.execute(StartParamsValidatingActionExecutor.java:32)
	at org.gradle.internal.buildprocess.execution.SessionFailureReportingActionExecutor.execute(SessionFailureReportingActionExecutor.java:51)
	at org.gradle.internal.buildprocess.execution.SessionFailureReportingActionExecutor.execute(SessionFailureReportingActionExecutor.java:39)
	at org.gradle.internal.buildprocess.execution.SetupLoggingActionExecutor.execute(SetupLoggingActionExecutor.java:47)
	at org.gradle.internal.buildprocess.execution.SetupLoggingActionExecutor.execute(SetupLoggingActionExecutor.java:31)
	at org.gradle.launcher.daemon.server.exec.ExecuteBuild.doBuild(ExecuteBuild.java:70)
	at org.gradle.launcher.daemon.server.exec.BuildCommandOnly.execute(BuildCommandOnly.java:37)
	at org.gradle.launcher.daemon.server.api.DaemonCommandExecution.proceed(DaemonCommandExecution.java:104)
	at org.gradle.launcher.daemon.server.exec.WatchForDisconnection.execute(WatchForDisconnection.java:39)
	at org.gradle.launcher.daemon.server.api.DaemonCommandExecution.proceed(DaemonCommandExecution.java:104)
	at org.gradle.launcher.daemon.server.exec.ResetDeprecationLogger.execute(ResetDeprecationLogger.java:29)
	at org.gradle.launcher.daemon.server.api.DaemonCommandExecution.proceed(DaemonCommandExecution.java:104)
	at org.gradle.launcher.daemon.server.exec.RequestStopIfSingleUsedDaemon.execute(RequestStopIfSingleUsedDaemon.java:35)
	at org.gradle.launcher.daemon.server.api.DaemonCommandExecution.proceed(DaemonCommandExecution.java:104)
	at org.gradle.launcher.daemon.server.exec.ForwardClientInput.lambda$execute$0(ForwardClientInput.java:40)
	at org.gradle.internal.daemon.clientinput.ClientInputForwarder.forwardInput(ClientInputForwarder.java:80)
	at org.gradle.launcher.daemon.server.exec.ForwardClientInput.execute(ForwardClientInput.java:37)
	at org.gradle.launcher.daemon.server.api.DaemonCommandExecution.proceed(DaemonCommandExecution.java:104)
	at org.gradle.launcher.daemon.server.exec.LogAndCheckHealth.execute(LogAndCheckHealth.java:64)
	at org.gradle.launcher.daemon.server.api.DaemonCommandExecution.proceed(DaemonCommandExecution.java:104)
	at org.gradle.launcher.daemon.server.exec.LogToClient.doBuild(LogToClient.java:63)
	at org.gradle.launcher.daemon.server.exec.BuildCommandOnly.execute(BuildCommandOnly.java:37)
	at org.gradle.launcher.daemon.server.api.DaemonCommandExecution.proceed(DaemonCommandExecution.java:104)
	at org.gradle.launcher.daemon.server.exec.EstablishBuildEnvironment.doBuild(EstablishBuildEnvironment.java:84)
	at org.gradle.launcher.daemon.server.exec.BuildCommandOnly.execute(BuildCommandOnly.java:37)
	at org.gradle.launcher.daemon.server.api.DaemonCommandExecution.proceed(DaemonCommandExecution.java:104)
	at org.gradle.launcher.daemon.server.exec.StartBuildOrRespondWithBusy$1.run(StartBuildOrRespondWithBusy.java:52)
	at org.gradle.launcher.daemon.server.DaemonStateCoordinator.lambda$runCommand$0(DaemonStateCoordinator.java:321)
	at org.gradle.internal.concurrent.ExecutorPolicy$CatchAndRecordFailures.onExecute(ExecutorPolicy.java:64)
	at org.gradle.internal.concurrent.AbstractManagedExecutor$1.run(AbstractManagedExecutor.java:47)
Caused by: java.lang.RuntimeException: Failed to setup Minecraft, org.gradle.api.internal.artifacts.ivyservice.TypedResolveException: Could not resolve all files for configuration ':mainRuntimeDependencyResolve'.
	at net.fabricmc.loom.util.ExceptionUtil.createDescriptiveWrapper(ExceptionUtil.java:59)
	at net.fabricmc.loom.configuration.CompileConfiguration.lambda$run$1(CompileConfiguration.java:135)
	at net.fabricmc.loom.configuration.CompileConfiguration.lambda$afterEvaluationWithService$0(CompileConfiguration.java:487)
	at net.fabricmc.loom.util.gradle.GradleUtils.lambda$afterSuccessfulEvaluation$0(GradleUtils.java:51)
	at org.gradle.internal.code.DefaultUserCodeApplicationContext$CurrentApplication$1.execute(DefaultUserCodeApplicationContext.java:124)
	at org.gradle.configuration.internal.DefaultListenerBuildOperationDecorator$BuildOperationEmittingAction$1.run(DefaultListenerBuildOperationDecorator.java:173)
	at org.gradle.internal.operations.DefaultBuildOperationRunner$1.execute(DefaultBuildOperationRunner.java:30)
	at org.gradle.internal.operations.DefaultBuildOperationRunner$1.execute(DefaultBuildOperationRunner.java:27)
	at org.gradle.internal.operations.DefaultBuildOperationRunner$2.execute(DefaultBuildOperationRunner.java:67)
	at org.gradle.internal.operations.DefaultBuildOperationRunner$2.execute(DefaultBuildOperationRunner.java:60)
	at org.gradle.internal.operations.DefaultBuildOperationRunner.execute(DefaultBuildOperationRunner.java:167)
	at org.gradle.internal.operations.DefaultBuildOperationRunner.execute(DefaultBuildOperationRunner.java:60)
	at org.gradle.internal.operations.DefaultBuildOperationRunner.run(DefaultBuildOperationRunner.java:48)
	at org.gradle.configuration.internal.DefaultListenerBuildOperationDecorator$BuildOperationEmittingAction.execute(DefaultListenerBuildOperationDecorator.java:170)
	at org.gradle.internal.event.BroadcastDispatch$ActionInvocationHandler.dispatch(BroadcastDispatch.java:101)
	at org.gradle.internal.event.BroadcastDispatch$ActionInvocationHandler.dispatch(BroadcastDispatch.java:89)
	at org.gradle.internal.event.AbstractBroadcastDispatch.dispatch(AbstractBroadcastDispatch.java:44)
	at org.gradle.internal.event.BroadcastDispatch$SingletonDispatch.dispatch(BroadcastDispatch.java:270)
	at org.gradle.internal.event.BroadcastDispatch$SingletonDispatch.dispatch(BroadcastDispatch.java:172)
	at org.gradle.internal.event.AbstractBroadcastDispatch.dispatch(AbstractBroadcastDispatch.java:84)
	at org.gradle.internal.event.AbstractBroadcastDispatch.dispatch(AbstractBroadcastDispatch.java:70)
	at org.gradle.internal.event.BroadcastDispatch$CompositeDispatch.dispatch(BroadcastDispatch.java:382)
	at org.gradle.internal.event.BroadcastDispatch$CompositeDispatch.dispatch(BroadcastDispatch.java:274)
	at org.gradle.internal.event.ListenerBroadcast.dispatch(ListenerBroadcast.java:160)
	at org.gradle.internal.event.ListenerBroadcast.dispatch(ListenerBroadcast.java:37)
	at org.gradle.internal.dispatch.ProxyDispatchAdapter$DispatchingInvocationHandler.invoke(ProxyDispatchAdapter.java:88)
	at jdk.proxy1/jdk.proxy1.$Proxy58.afterEvaluate(Unknown Source)
	at org.gradle.configuration.project.LifecycleProjectEvaluator$NotifyAfterEvaluate$1.execute(LifecycleProjectEvaluator.java:247)
	at org.gradle.configuration.project.LifecycleProjectEvaluator$NotifyAfterEvaluate$1.execute(LifecycleProjectEvaluator.java:244)
	at org.gradle.api.internal.project.DefaultProject.stepEvaluationListener(DefaultProject.java:1510)
	at org.gradle.configuration.project.LifecycleProjectEvaluator$NotifyAfterEvaluate.run(LifecycleProjectEvaluator.java:253)
	... 158 more
Caused by: org.gradle.api.internal.artifacts.ivyservice.TypedResolveException: Could not resolve all files for configuration ':mainRuntimeDependencyResolve'.
	at org.gradle.api.internal.artifacts.ResolveExceptionMapper.mapFailures(ResolveExceptionMapper.java:61)
	at org.gradle.api.internal.artifacts.configurations.DefaultConfiguration$DefaultResolutionHost.consolidateFailures(DefaultConfiguration.java:1789)
	at org.gradle.api.internal.artifacts.configurations.ResolutionHost.rethrowFailuresAndReportProblems(ResolutionHost.java:75)
	at org.gradle.api.internal.artifacts.configurations.ResolutionBackedFileCollection.maybeThrowResolutionFailures(ResolutionBackedFileCollection.java:86)
	at org.gradle.api.internal.artifacts.configurations.ResolutionBackedFileCollection.visitContents(ResolutionBackedFileCollection.java:76)
	at org.gradle.api.internal.file.AbstractFileCollection.visitStructure(AbstractFileCollection.java:361)
	at org.gradle.api.internal.artifacts.configurations.DefaultConfiguration.visitContents(DefaultConfiguration.java:528)
	at org.gradle.api.internal.file.AbstractFileCollection.getFiles(AbstractFileCollection.java:124)
	at org.gradle.api.internal.artifacts.configurations.DefaultLegacyConfiguration_Decorated.getFiles(Unknown Source)
	at net.fabricmc.loom.configuration.processors.speccontext.DeobfSpecContext.getModsFromConfiguration(DeobfSpecContext.java:156)
	at net.fabricmc.loom.configuration.processors.speccontext.DeobfSpecContext.create(DeobfSpecContext.java:72)
	at net.fabricmc.loom.configuration.processors.speccontext.DeobfSpecContext.create(DeobfSpecContext.java:62)
	at net.fabricmc.loom.configuration.processors.MinecraftJarProcessorManager.create(MinecraftJarProcessorManager.java:74)
	at net.fabricmc.loom.configuration.CompileConfiguration.setupMinecraft(CompileConfiguration.java:203)
	at net.fabricmc.loom.configuration.CompileConfiguration.lambda$run$1(CompileConfiguration.java:127)
	... 187 more
Cause 1: org.gradle.internal.resolve.ModuleVersionNotFoundException: Could not find dev.architectury:architectury-fabric:21.1.8+fabric.
Searched in the following locations:
  - file:/home/runner/work/ModrenFabricaeExNihilo/ModrenFabricaeExNihilo/.gradle/loom-cache/remapped_mods/dev/architectury/architectury-fabric/21.1.8+fabric/architectury-fabric-21.1.8+fabric.pom
  - file:/home/runner/.gradle/caches/fabric-loom/minecraftMaven/dev/architectury/architectury-fabric/21.1.8+fabric/architectury-fabric-21.1.8+fabric.pom
  - file:/home/runner/work/ModrenFabricaeExNihilo/ModrenFabricaeExNihilo/.gradle/loom-cache/minecraftMaven/dev/architectury/architectury-fabric/21.1.8+fabric/architectury-fabric-21.1.8+fabric.pom
  - https://maven.fabricmc.net/dev/architectury/architectury-fabric/21.1.8+fabric/architectury-fabric-21.1.8+fabric.pom
  - https://libraries.minecraft.net/dev/architectury/architectury-fabric/21.1.8+fabric/architectury-fabric-21.1.8+fabric.pom
  - https://libraries.minecraft.net/dev/architectury/architectury-fabric/21.1.8+fabric/architectury-fabric-21.1.8+fabric.jar
  - https://repo.maven.apache.org/maven2/dev/architectury/architectury-fabric/21.1.8+fabric/architectury-fabric-21.1.8+fabric.pom
  - https://maven.shedaniel.me/dev/architectury/architectury-fabric/21.1.8+fabric/architectury-fabric-21.1.8+fabric.pom
  - https://maven.terraformersmc.com/dev/architectury/architectury-fabric/21.1.8+fabric/architectury-fabric-21.1.8+fabric.pom
  - https://maven.saps.dev/minecraft/dev/architectury/architectury-fabric/21.1.8+fabric/architectury-fabric-21.1.8+fabric.pom
  - https://maven.bai.lol/dev/architectury/architectury-fabric/21.1.8+fabric/architectury-fabric-21.1.8+fabric.pom
  - https://maven.architectury.dev/dev/architectury/architectury-fabric/21.1.8+fabric/architectury-fabric-21.1.8+fabric.pom
Required by:
    root project 'ModrenFabricaeExNihilo'
Cause 2: org.gradle.internal.resolve.ModuleVersionNotFoundException: Could not find org.quiltmc.parsers:json:0.2.1.
Searched in the following locations:
  - file:/home/runner/work/ModrenFabricaeExNihilo/ModrenFabricaeExNihilo/.gradle/loom-cache/remapped_mods/org/quiltmc/parsers/json/0.2.1/json-0.2.1.pom
  - file:/home/runner/.gradle/caches/fabric-loom/minecraftMaven/org/quiltmc/parsers/json/0.2.1/json-0.2.1.pom
  - file:/home/runner/work/ModrenFabricaeExNihilo/ModrenFabricaeExNihilo/.gradle/loom-cache/minecraftMaven/org/quiltmc/parsers/json/0.2.1/json-0.2.1.pom
  - https://maven.fabricmc.net/org/quiltmc/parsers/json/0.2.1/json-0.2.1.pom
  - https://libraries.minecraft.net/org/quiltmc/parsers/json/0.2.1/json-0.2.1.pom
  - https://libraries.minecraft.net/org/quiltmc/parsers/json/0.2.1/json-0.2.1.jar
  - https://repo.maven.apache.org/maven2/org/quiltmc/parsers/json/0.2.1/json-0.2.1.pom
  - https://maven.shedaniel.me/org/quiltmc/parsers/json/0.2.1/json-0.2.1.pom
  - https://maven.terraformersmc.com/org/quiltmc/parsers/json/0.2.1/json-0.2.1.pom
  - https://maven.saps.dev/minecraft/org/quiltmc/parsers/json/0.2.1/json-0.2.1.pom
  - https://maven.bai.lol/org/quiltmc/parsers/json/0.2.1/json-0.2.1.pom
  - https://maven.architectury.dev/org/quiltmc/parsers/json/0.2.1/json-0.2.1.pom
Required by:
    root project 'ModrenFabricaeExNihilo' > dev.isxander:yet-another-config-lib:3.9.6+26.2-fabric
Cause 3: org.gradle.internal.resolve.ModuleVersionNotFoundException: Could not find org.quiltmc.parsers:gson:0.2.1.
Searched in the following locations:
  - file:/home/runner/work/ModrenFabricaeExNihilo/ModrenFabricaeExNihilo/.gradle/loom-cache/remapped_mods/org/quiltmc/parsers/gson/0.2.1/gson-0.2.1.pom
  - file:/home/runner/.gradle/caches/fabric-loom/minecraftMaven/org/quiltmc/parsers/gson/0.2.1/gson-0.2.1.pom
  - file:/home/runner/work/ModrenFabricaeExNihilo/ModrenFabricaeExNihilo/.gradle/loom-cache/minecraftMaven/org/quiltmc/parsers/gson/0.2.1/gson-0.2.1.pom
  - https://maven.fabricmc.net/org/quiltmc/parsers/gson/0.2.1/gson-0.2.1.pom
  - https://libraries.minecraft.net/org/quiltmc/parsers/gson/0.2.1/gson-0.2.1.pom
  - https://libraries.minecraft.net/org/quiltmc/parsers/gson/0.2.1/gson-0.2.1.jar
  - https://repo.maven.apache.org/maven2/org/quiltmc/parsers/gson/0.2.1/gson-0.2.1.pom
  - https://maven.shedaniel.me/org/quiltmc/parsers/gson/0.2.1/gson-0.2.1.pom
  - https://maven.terraformersmc.com/org/quiltmc/parsers/gson/0.2.1/gson-0.2.1.pom
  - https://maven.saps.dev/minecraft/org/quiltmc/parsers/gson/0.2.1/gson-0.2.1.pom
  - https://maven.bai.lol/org/quiltmc/parsers/gson/0.2.1/gson-0.2.1.pom
  - https://maven.architectury.dev/org/quiltmc/parsers/gson/0.2.1/gson-0.2.1.pom
Required by:
    root project 'ModrenFabricaeExNihilo' > dev.isxander:yet-another-config-lib:3.9.6+26.2-fabric
Cause 4: org.gradle.internal.resolve.ModuleVersionNotFoundException: Could not find dev.architectury:architectury-fabric:21.1.8+fabric.
Searched in the following locations:
  - file:/home/runner/work/ModrenFabricaeExNihilo/ModrenFabricaeExNihilo/.gradle/loom-cache/remapped_mods/dev/architectury/architectury-fabric/21.1.8+fabric/architectury-fabric-21.1.8+fabric.pom
  - file:/home/runner/.gradle/caches/fabric-loom/minecraftMaven/dev/architectury/architectury-fabric/21.1.8+fabric/architectury-fabric-21.1.8+fabric.pom
  - file:/home/runner/work/ModrenFabricaeExNihilo/ModrenFabricaeExNihilo/.gradle/loom-cache/minecraftMaven/dev/architectury/architectury-fabric/21.1.8+fabric/architectury-fabric-21.1.8+fabric.pom
  - https://maven.fabricmc.net/dev/architectury/architectury-fabric/21.1.8+fabric/architectury-fabric-21.1.8+fabric.pom
  - https://libraries.minecraft.net/dev/architectury/architectury-fabric/21.1.8+fabric/architectury-fabric-21.1.8+fabric.pom
  - https://libraries.minecraft.net/dev/architectury/architectury-fabric/21.1.8+fabric/architectury-fabric-21.1.8+fabric.jar
  - https://repo.maven.apache.org/maven2/dev/architectury/architectury-fabric/21.1.8+fabric/architectury-fabric-21.1.8+fabric.pom
  - https://maven.shedaniel.me/dev/architectury/architectury-fabric/21.1.8+fabric/architectury-fabric-21.1.8+fabric.pom
  - https://maven.terraformersmc.com/dev/architectury/architectury-fabric/21.1.8+fabric/architectury-fabric-21.1.8+fabric.pom
  - https://maven.saps.dev/minecraft/dev/architectury/architectury-fabric/21.1.8+fabric/architectury-fabric-21.1.8+fabric.pom
  - https://maven.bai.lol/dev/architectury/architectury-fabric/21.1.8+fabric/architectury-fabric-21.1.8+fabric.pom
  - https://maven.architectury.dev/dev/architectury/architectury-fabric/21.1.8+fabric/architectury-fabric-21.1.8+fabric.pom
Required by:
    root project 'ModrenFabricaeExNihilo' > me.shedaniel:RoughlyEnoughItems-fabric:26.2.821


Deprecated Gradle features were used in this build, making it incompatible with Gradle 10.

You can use '--warning-mode all' to show the individual deprecation warnings and determine if they come from your own scripts or plugins.

For more on this, please refer to https://docs.gradle.org/9.5.1/userguide/command_line_interface.html#sec:command_line_warnings in the Gradle documentation.

BUILD FAILED in 35s
